******************************************************************************
                  TI ARM Linker PC v20.2.7                     
******************************************************************************
>> Linked Mon Aug 28 02:51:45 2023

OUTPUT FILE NAME:   <EdgeTime.out>
ENTRY POINT SYMBOL: "_c_int00_noargs"  address: 00000d65


MEMORY CONFIGURATION

         name            origin    length      used     unused   attr    fill
----------------------  --------  ---------  --------  --------  ----  --------
  FLASH                 00000000   00040000  00000e02  0003f1fe  R  X
  SRAM                  20000000   00008000  00000219  00007de7  RW X


SEGMENT ALLOCATION MAP

run origin  load origin   length   init length attrs members
----------  ----------- ---------- ----------- ----- -------
00000000    00000000    00000e08   00000e08    r-x
  00000000    00000000    0000026c   0000026c    r-- .intvecs
  0000026c    0000026c    00000b4e   00000b4e    r-x .text
  00000dba    00000dba    00000020   00000020    r-- .const
  00000de0    00000de0    00000028   00000028    r-- .cinit
20000000    20000000    00000219   00000000    rw-
  20000000    20000000    00000200   00000000    rw- .stack
  20000200    20000200    00000019   00000000    rw- .data


SECTION ALLOCATION MAP

 output                                  attributes/
section   page    origin      length       input sections
--------  ----  ----------  ----------   ----------------
.intvecs   0    00000000    0000026c     
                  00000000    0000026c     tm4c123gh6pm_startup_ccs.obj (.intvecs)

.text      0    0000026c    00000b4e     
                  0000026c    00000494     GPIO_Program.obj (.text)
                  00000700    00000458     Timer.obj (.text)
                  00000b58    000000c4     main.obj (.text)
                  00000c1c    0000009c     rtsv7M4_T_le_v4SPD16_eabi.lib : memcpy_t2.asm.obj (.text)
                  00000cb8    00000068                                   : copy_decompress_lzss.c.obj (.text:decompress:lzss:__TI_decompress_lzss)
                  00000d20    00000044                                   : autoinit.c.obj (.text:__TI_auto_init_nobinit_nopinit:__TI_auto_init_nobinit_nopinit)
                  00000d64    00000034                                   : boot_cortex_m.c.obj (.text:_c_int00_noargs:_c_int00_noargs)
                  00000d98    0000000e                                   : copy_decompress_none.c.obj (.text:decompress:none:__TI_decompress_none)
                  00000da6    0000000c     tm4c123gh6pm_startup_ccs.obj (.text)
                  00000db2    00000004     rtsv7M4_T_le_v4SPD16_eabi.lib : pre_init.c.obj (.text:_system_pre_init)
                  00000db6    00000004                                   : exit.c.obj (.text:abort:abort)

.const     0    00000dba    00000020     
                  00000dba    00000020     main.obj (.const:$P$T0$1)

.cinit     0    00000de0    00000028     
                  00000de0    00000017     (.cinit..data.load) [load image, compression = lzss]
                  00000df7    00000001     --HOLE-- [fill = 0]
                  00000df8    00000008     (__TI_handler_table)
                  00000e00    00000008     (__TI_cinit_table)

.init_array 
*          0    00000000    00000000     UNINITIALIZED

.data      0    20000200    00000019     UNINITIALIZED
                  20000200    00000018     GPIO_Program.obj (.data:GPIO_Arr)
                  20000218    00000001     main.obj (.data)

.stack     0    20000000    00000200     UNINITIALIZED
                  20000000    00000004     rtsv7M4_T_le_v4SPD16_eabi.lib : boot_cortex_m.c.obj (.stack)
                  20000004    000001fc     --HOLE--

__llvm_prf_cnts 
*          0    20000000    00000000     UNINITIALIZED

MODULE SUMMARY

       Module                         code   ro data   rw data
       ------                         ----   -------   -------
    .\
       tm4c123gh6pm_startup_ccs.obj   12     620       0      
       main.obj                       196    32        1      
    +--+------------------------------+------+---------+---------+
       Total:                         208    652       1      
                                                              
    .\1.MCAL\GPIO\SRC\
       GPIO_Program.obj               1172   0         24     
    +--+------------------------------+------+---------+---------+
       Total:                         1172   0         24     
                                                              
    .\1.MCAL\Timer\
       Timer.obj                      1112   0         0      
    +--+------------------------------+------+---------+---------+
       Total:                         1112   0         0      
                                                              
    C:\ccs\tools\compiler\ti-cgt-arm_20.2.7.LTS\lib\rtsv7M4_T_le_v4SPD16_eabi.lib
       memcpy_t2.asm.obj              156    0         0      
       copy_decompress_lzss.c.obj     104    0         0      
       autoinit.c.obj                 68     0         0      
       boot_cortex_m.c.obj            52     0         0      
       copy_decompress_none.c.obj     14     0         0      
       exit.c.obj                     4      0         0      
       pre_init.c.obj                 4      0         0      
    +--+------------------------------+------+---------+---------+
       Total:                         402    0         0      
                                                              
       Stack:                         0      0         512    
       Linker Generated:              0      39        0      
    +--+------------------------------+------+---------+---------+
       Grand Total:                   2894   691       537    


LINKER GENERATED COPY TABLES

__TI_cinit_table @ 00000e00 records: 1, size/record: 8, table size: 8
	.data: load addr=00000de0, load size=00000017 bytes, run addr=20000200, run size=00000019 bytes, compression=lzss


LINKER GENERATED HANDLER TABLE

__TI_handler_table @ 00000df8 records: 2, size/record: 4, table size: 8
	index: 0, handler: __TI_decompress_lzss
	index: 1, handler: __TI_decompress_none


GLOBAL SYMBOLS: SORTED ALPHABETICALLY BY Name 

address   name                          
-------   ----                          
00000db7  C$$EXIT                       
0000064d  GPIO_GetPinValue              
000006b5  GPIO_GetPortValue             
0000026d  GPIO_Init                     
000005a1  GPIO_SetPinValue              
00000601  GPIO_SetPortValue             
20000218  Pressed                       
00000da7  ResetISR                      
20000200  __STACK_END                   
00000200  __STACK_SIZE                  
20000200  __STACK_TOP                   
00000e00  __TI_CINIT_Base               
00000e08  __TI_CINIT_Limit              
00000df8  __TI_Handler_Table_Base       
00000e00  __TI_Handler_Table_Limit      
00000d21  __TI_auto_init_nobinit_nopinit
00000cb9  __TI_decompress_lzss          
00000d99  __TI_decompress_none          
ffffffff  __TI_pprof_out_hndl           
ffffffff  __TI_prof_data_size           
ffffffff  __TI_prof_data_start          
00000000  __TI_static_base__            
00000c1d  __aeabi_memcpy                
00000c1d  __aeabi_memcpy4               
00000c1d  __aeabi_memcpy8               
ffffffff  __binit__                     
ffffffff  __c_args__                    
UNDEFED   __mpu_init                    
20000000  __stack                       
20000000  __start___llvm_prf_cnts       
20000000  __stop___llvm_prf_cnts        
00000d65  _c_int00_noargs               
UNDEFED   _system_post_cinit            
00000db3  _system_pre_init              
00000db7  abort                         
ffffffff  binit                         
00000000  g_pfnVectors                  
00000b59  main                          
00000c1d  memcpy                        
00000b0f  timerHandler                  
00000701  timer_Init                    


GLOBAL SYMBOLS: SORTED BY Symbol Address 

address   name                          
-------   ----                          
00000000  __TI_static_base__            
00000000  g_pfnVectors                  
00000200  __STACK_SIZE                  
0000026d  GPIO_Init                     
000005a1  GPIO_SetPinValue              
00000601  GPIO_SetPortValue             
0000064d  GPIO_GetPinValue              
000006b5  GPIO_GetPortValue             
00000701  timer_Init                    
00000b0f  timerHandler                  
00000b59  main                          
00000c1d  __aeabi_memcpy                
00000c1d  __aeabi_memcpy4               
00000c1d  __aeabi_memcpy8               
00000c1d  memcpy                        
00000cb9  __TI_decompress_lzss          
00000d21  __TI_auto_init_nobinit_nopinit
00000d65  _c_int00_noargs               
00000d99  __TI_decompress_none          
00000da7  ResetISR                      
00000db3  _system_pre_init              
00000db7  C$$EXIT                       
00000db7  abort                         
00000df8  __TI_Handler_Table_Base       
00000e00  __TI_CINIT_Base               
00000e00  __TI_Handler_Table_Limit      
00000e08  __TI_CINIT_Limit              
20000000  __stack                       
20000000  __start___llvm_prf_cnts       
20000000  __stop___llvm_prf_cnts        
20000200  __STACK_END                   
20000200  __STACK_TOP                   
20000218  Pressed                       
ffffffff  __TI_pprof_out_hndl           
ffffffff  __TI_prof_data_size           
ffffffff  __TI_prof_data_start          
ffffffff  __binit__                     
ffffffff  __c_args__                    
ffffffff  binit                         
UNDEFED   __mpu_init                    
UNDEFED   _system_post_cinit            

[41 symbols]
